----
time->Thu Sep 10 02:49:09 2026
type=PROCTITLE msg=audit(1788997749.449:657): proctitle=617564697463746C002D6100616C776179732C65786974002D46006172636800623634002D5300657865637665002D6B0062656E69676E5F657865635F3034
type=SYSCALL msg=audit(1788997749.449:657): arch=c000003e syscall=44 success=yes exit=1072 a0=4 a1=7fff7ca63730 a2=430 a3=0 items=0 ppid=5926 pid=5927 auid=1000 uid=0 gid=0 euid=0 suid=0 fsuid=0 egid=0 sgid=0 fsgid=0 tty=pts1 ses=4 comm="auditctl" exe="/usr/sbin/auditctl" subj=unconfined key=(null)
type=CONFIG_CHANGE msg=audit(1788997749.449:657): auid=1000 ses=4 subj=unconfined op=add_rule key="benign_exec_04" list=4 res=1
----
time->Thu Sep 10 02:49:09 2026
type=PROCTITLE msg=audit(1788997749.455:659): proctitle="/usr/libexec/vte-urlencode-cwd"
type=PATH msg=audit(1788997749.455:659): item=1 name="/lib64/ld-linux-x86-64.so.2" inode=1705467 dev=08:02 mode=0100755 ouid=0 ogid=0 rdev=00:00 nametype=NORMAL cap_fp=0 cap_fi=0 cap_fe=0 cap_fver=0 cap_frootid=0
type=PATH msg=audit(1788997749.455:659): item=0 name="/usr/libexec/vte-urlencode-cwd" inode=1725565 dev=08:02 mode=0100755 ouid=0 ogid=0 rdev=00:00 nametype=NORMAL cap_fp=0 cap_fi=0 cap_fe=0 cap_fver=0 cap_frootid=0
type=CWD msg=audit(1788997749.455:659): cwd="/home/nexus/audit_session3"
type=EXECVE msg=audit(1788997749.455:659): argc=1 a0="/usr/libexec/vte-urlencode-cwd"
type=SYSCALL msg=audit(1788997749.455:659): arch=c000003e syscall=59 success=yes exit=0 a0=5fb91aa7bed0 a1=5fb91aa3f1f0 a2=5fb91aa63f80 a3=8 items=2 ppid=4075 pid=5929 auid=1000 uid=1000 gid=1000 euid=1000 suid=1000 fsuid=1000 egid=1000 sgid=1000 fsgid=1000 tty=pts0 ses=4 comm="vte-urlencode-c" exe="/usr/libexec/vte-urlencode-cwd" subj=unconfined key="benign_exec_04"
----
time->Thu Sep 10 02:49:16 2026
type=PROCTITLE msg=audit(1788997756.746:660): proctitle=636174002F6574632F6F732D72656C65617365
type=PATH msg=audit(1788997756.746:660): item=1 name="/lib64/ld-linux-x86-64.so.2" inode=1705467 dev=08:02 mode=0100755 ouid=0 ogid=0 rdev=00:00 nametype=NORMAL cap_fp=0 cap_fi=0 cap_fe=0 cap_fver=0 cap_frootid=0
type=PATH msg=audit(1788997756.746:660): item=0 name="/usr/bin/cat" inode=1704431 dev=08:02 mode=0100755 ouid=0 ogid=0 rdev=00:00 nametype=NORMAL cap_fp=0 cap_fi=0 cap_fe=0 cap_fver=0 cap_frootid=0
type=CWD msg=audit(1788997756.746:660): cwd="/home/nexus"
type=EXECVE msg=audit(1788997756.746:660): argc=2 a0="cat" a1="/etc/os-release"
type=SYSCALL msg=audit(1788997756.746:660): arch=c000003e syscall=59 success=yes exit=0 a0=5fb91aa78160 a1=5fb91aa79d10 a2=5fb91aa63f80 a3=21 items=2 ppid=4075 pid=5934 auid=1000 uid=1000 gid=1000 euid=1000 suid=1000 fsuid=1000 egid=1000 sgid=1000 fsgid=1000 tty=pts0 ses=4 comm="cat" exe="/usr/lib/cargo/bin/coreutils/cat" subj=unconfined key="benign_exec_04"
----
time->Thu Sep 10 02:49:16 2026
type=PROCTITLE msg=audit(1788997756.752:661): proctitle=756E616D65002D72
type=PATH msg=audit(1788997756.752:661): item=1 name="/lib64/ld-linux-x86-64.so.2" inode=1705467 dev=08:02 mode=0100755 ouid=0 ogid=0 rdev=00:00 nametype=NORMAL cap_fp=0 cap_fi=0 cap_fe=0 cap_fver=0 cap_frootid=0
type=PATH msg=audit(1788997756.752:661): item=0 name="/usr/bin/uname" inode=1704431 dev=08:02 mode=0100755 ouid=0 ogid=0 rdev=00:00 nametype=NORMAL cap_fp=0 cap_fi=0 cap_fe=0 cap_fver=0 cap_frootid=0
type=CWD msg=audit(1788997756.752:661): cwd="/home/nexus"
type=EXECVE msg=audit(1788997756.752:661): argc=2 a0="uname" a1="-r"
type=SYSCALL msg=audit(1788997756.752:661): arch=c000003e syscall=59 success=yes exit=0 a0=5fb91aa7ad20 a1=5fb91aa7a1e0 a2=5fb91aa63f80 a3=21 items=2 ppid=4075 pid=5935 auid=1000 uid=1000 gid=1000 euid=1000 suid=1000 fsuid=1000 egid=1000 sgid=1000 fsgid=1000 tty=pts0 ses=4 comm="uname" exe="/usr/lib/cargo/bin/coreutils/uname" subj=unconfined key="benign_exec_04"
----
time->Thu Sep 10 02:49:16 2026
type=PROCTITLE msg=audit(1788997756.762:662): proctitle="hostnamectl"
type=PATH msg=audit(1788997756.762:662): item=1 name="/lib64/ld-linux-x86-64.so.2" inode=1705467 dev=08:02 mode=0100755 ouid=0 ogid=0 rdev=00:00 nametype=NORMAL cap_fp=0 cap_fi=0 cap_fe=0 cap_fver=0 cap_frootid=0
type=PATH msg=audit(1788997756.762:662): item=0 name="/usr/bin/hostnamectl" inode=1704802 dev=08:02 mode=0100755 ouid=0 ogid=0 rdev=00:00 nametype=NORMAL cap_fp=0 cap_fi=0 cap_fe=0 cap_fver=0 cap_frootid=0
type=CWD msg=audit(1788997756.762:662): cwd="/home/nexus"
type=EXECVE msg=audit(1788997756.762:662): argc=1 a0="hostnamectl"
type=SYSCALL msg=audit(1788997756.762:662): arch=c000003e syscall=59 success=yes exit=0 a0=5fb91aa44fc0 a1=5fb91aa77370 a2=5fb91aa63f80 a3=21 items=2 ppid=4075 pid=5936 auid=1000 uid=1000 gid=1000 euid=1000 suid=1000 fsuid=1000 egid=1000 sgid=1000 fsgid=1000 tty=pts0 ses=4 comm="hostnamectl" exe="/usr/bin/hostnamectl" subj=unconfined key="benign_exec_04"
----
time->Thu Sep 10 02:49:16 2026
type=PROCTITLE msg=audit(1788997756.782:668): proctitle=2F7573722F6C69622F73797374656D642F73797374656D642D6578656375746F72002D2D646573657269616C697A65003934002D2D6C6F672D6C6576656C00696E666F002D2D6C6F672D746172676574006A6F75726E616C2D6F722D6B6D7367
type=PATH msg=audit(1788997756.782:668): item=1 name="/lib64/ld-linux-x86-64.so.2" inode=1705467 dev=08:02 mode=0100755 ouid=0 ogid=0 rdev=00:00 nametype=NORMAL cap_fp=0 cap_fi=0 cap_fe=0 cap_fver=0 cap_frootid=0
type=PATH msg=audit(1788997756.782:668): item=0 name="/proc/self/fd/9" inode=1723455 dev=08:02 mode=0100755 ouid=0 ogid=0 rdev=00:00 nametype=NORMAL cap_fp=0 cap_fi=0 cap_fe=0 cap_fver=0 cap_frootid=0
type=CWD msg=audit(1788997756.782:668): cwd="/"
type=EXECVE msg=audit(1788997756.782:668): argc=7 a0="/usr/lib/systemd/systemd-executor" a1="--deserialize" a2="94" a3="--log-level" a4="info" a5="--log-target" a6="journal-or-kmsg"
type=SYSCALL msg=audit(1788997756.782:668): arch=c000003e syscall=59 success=yes exit=0 a0=7ffc517bd470 a1=7ffc517bd490 a2=7ffc517bde08 a3=8 items=2 ppid=1 pid=5937 auid=4294967295 uid=0 gid=0 euid=0 suid=0 fsuid=0 egid=0 sgid=0 fsgid=0 tty=(none) ses=4294967295 comm="9" exe="/usr/lib/systemd/systemd-executor" subj=unconfined key="benign_exec_04"
----
time->Thu Sep 10 02:49:16 2026
type=PROCTITLE msg=audit(1788997756.856:669): proctitle=2F7573722F6C69622F73797374656D642F73797374656D642D6578656375746F72002D2D646573657269616C697A65003934002D2D6C6F672D6C6576656C00696E666F002D2D6C6F672D746172676574006A6F75726E616C2D6F722D6B6D7367
type=PATH msg=audit(1788997756.856:669): item=1 name="/lib64/ld-linux-x86-64.so.2" inode=1705467 dev=08:02 mode=0100755 ouid=0 ogid=0 rdev=00:00 nametype=NORMAL cap_fp=0 cap_fi=0 cap_fe=0 cap_fver=0 cap_frootid=0
type=PATH msg=audit(1788997756.856:669): item=0 name="/usr/lib/systemd/systemd-hostnamed" inode=1723460 dev=08:02 mode=0100755 ouid=0 ogid=0 rdev=00:00 nametype=NORMAL cap_fp=0 cap_fi=0 cap_fe=0 cap_fver=0 cap_frootid=0
type=CWD msg=audit(1788997756.856:669): cwd="/"
type=EXECVE msg=audit(1788997756.856:669): argc=1 a0="/usr/lib/systemd/systemd-hostnamed"
type=BPRM_FCAPS msg=audit(1788997756.856:669): fver=0 fp=0 fi=0 fe=0 old_pp=000001ffffffffff old_pi=0 old_pe=000001ffffffffff old_pa=0 pp=0000000000200000 pi=0 pe=0000000000200000 pa=0 frootid=0
type=SYSCALL msg=audit(1788997756.856:669): arch=c000003e syscall=59 success=yes exit=0 a0=55a015399980 a1=55a0153fc3f0 a2=55a01538e2a0 a3=0 items=2 ppid=1 pid=5937 auid=4294967295 uid=0 gid=0 euid=0 suid=0 fsuid=0 egid=0 sgid=0 fsgid=0 tty=(none) ses=4294967295 comm="systemd-hostnam" exe="/usr/lib/systemd/systemd-hostnamed" subj=unconfined key="benign_exec_04"
----
time->Thu Sep 10 02:49:16 2026
type=PROCTITLE msg=audit(1788997756.890:671): proctitle=6970006C696E6B
type=PATH msg=audit(1788997756.890:671): item=1 name="/lib64/ld-linux-x86-64.so.2" inode=1705467 dev=08:02 mode=0100755 ouid=0 ogid=0 rdev=00:00 nametype=NORMAL cap_fp=0 cap_fi=0 cap_fe=0 cap_fver=0 cap_frootid=0
type=PATH msg=audit(1788997756.890:671): item=0 name="/usr/sbin/ip" inode=1704824 dev=08:02 mode=0100755 ouid=0 ogid=0 rdev=00:00 nametype=NORMAL cap_fp=0 cap_fi=0 cap_fe=0 cap_fver=0 cap_frootid=0
type=CWD msg=audit(1788997756.890:671): cwd="/home/nexus"
type=EXECVE msg=audit(1788997756.890:671): argc=2 a0="ip" a1="link"
type=SYSCALL msg=audit(1788997756.890:671): arch=c000003e syscall=59 success=yes exit=0 a0=5fb91aa7a910 a1=5fb91aa76620 a2=5fb91aa63f80 a3=21 items=2 ppid=4075 pid=5941 auid=1000 uid=1000 gid=1000 euid=1000 suid=1000 fsuid=1000 egid=1000 sgid=1000 fsgid=1000 tty=pts0 ses=4 comm="ip" exe="/usr/bin/ip" subj=unconfined key="benign_exec_04"
----
time->Thu Sep 10 02:49:16 2026
type=PROCTITLE msg=audit(1788997756.895:672): proctitle=697000726F757465
type=PATH msg=audit(1788997756.895:672): item=1 name="/lib64/ld-linux-x86-64.so.2" inode=1705467 dev=08:02 mode=0100755 ouid=0 ogid=0 rdev=00:00 nametype=NORMAL cap_fp=0 cap_fi=0 cap_fe=0 cap_fver=0 cap_frootid=0
type=PATH msg=audit(1788997756.895:672): item=0 name="/usr/sbin/ip" inode=1704824 dev=08:02 mode=0100755 ouid=0 ogid=0 rdev=00:00 nametype=NORMAL cap_fp=0 cap_fi=0 cap_fe=0 cap_fver=0 cap_frootid=0
type=CWD msg=audit(1788997756.895:672): cwd="/home/nexus"
type=EXECVE msg=audit(1788997756.895:672): argc=2 a0="ip" a1="route"
type=SYSCALL msg=audit(1788997756.895:672): arch=c000003e syscall=59 success=yes exit=0 a0=5fb91aa79570 a1=5fb91aa7a230 a2=5fb91aa63f80 a3=21 items=2 ppid=4075 pid=5942 auid=1000 uid=1000 gid=1000 euid=1000 suid=1000 fsuid=1000 egid=1000 sgid=1000 fsgid=1000 tty=pts0 ses=4 comm="ip" exe="/usr/bin/ip" subj=unconfined key="benign_exec_04"
----
time->Thu Sep 10 02:49:16 2026
type=PROCTITLE msg=audit(1788997756.899:673): proctitle=6970006E65696768
type=PATH msg=audit(1788997756.899:673): item=1 name="/lib64/ld-linux-x86-64.so.2" inode=1705467 dev=08:02 mode=0100755 ouid=0 ogid=0 rdev=00:00 nametype=NORMAL cap_fp=0 cap_fi=0 cap_fe=0 cap_fver=0 cap_frootid=0
type=PATH msg=audit(1788997756.899:673): item=0 name="/usr/sbin/ip" inode=1704824 dev=08:02 mode=0100755 ouid=0 ogid=0 rdev=00:00 nametype=NORMAL cap_fp=0 cap_fi=0 cap_fe=0 cap_fver=0 cap_frootid=0
type=CWD msg=audit(1788997756.899:673): cwd="/home/nexus"
type=EXECVE msg=audit(1788997756.899:673): argc=2 a0="ip" a1="neigh"
type=SYSCALL msg=audit(1788997756.899:673): arch=c000003e syscall=59 success=yes exit=0 a0=5fb91aa7b5a0 a1=5fb91aa78180 a2=5fb91aa63f80 a3=21 items=2 ppid=4075 pid=5943 auid=1000 uid=1000 gid=1000 euid=1000 suid=1000 fsuid=1000 egid=1000 sgid=1000 fsgid=1000 tty=pts0 ses=4 comm="ip" exe="/usr/bin/ip" subj=unconfined key="benign_exec_04"
----
time->Thu Sep 10 02:49:16 2026
type=PROCTITLE msg=audit(1788997756.905:674): proctitle=7373002D74756E
type=PATH msg=audit(1788997756.905:674): item=1 name="/lib64/ld-linux-x86-64.so.2" inode=1705467 dev=08:02 mode=0100755 ouid=0 ogid=0 rdev=00:00 nametype=NORMAL cap_fp=0 cap_fi=0 cap_fe=0 cap_fver=0 cap_frootid=0
type=PATH msg=audit(1788997756.905:674): item=0 name="/usr/bin/ss" inode=1705223 dev=08:02 mode=0100755 ouid=0 ogid=0 rdev=00:00 nametype=NORMAL cap_fp=0 cap_fi=0 cap_fe=0 cap_fver=0 cap_frootid=0
type=CWD msg=audit(1788997756.905:674): cwd="/home/nexus"
type=EXECVE msg=audit(1788997756.905:674): argc=2 a0="ss" a1="-tun"
type=SYSCALL msg=audit(1788997756.905:674): arch=c000003e syscall=59 success=yes exit=0 a0=5fb91a9909e0 a1=5fb91aa77fc0 a2=5fb91aa63f80 a3=20 items=2 ppid=4075 pid=5944 auid=1000 uid=1000 gid=1000 euid=1000 suid=1000 fsuid=1000 egid=1000 sgid=1000 fsgid=1000 tty=pts0 ses=4 comm="ss" exe="/usr/bin/ss" subj=unconfined key="benign_exec_04"
----
time->Thu Sep 10 02:49:16 2026
type=PROCTITLE msg=audit(1788997756.919:675): proctitle=676574656E7400686F737473006C6F63616C686F7374
type=PATH msg=audit(1788997756.919:675): item=1 name="/lib64/ld-linux-x86-64.so.2" inode=1705467 dev=08:02 mode=0100755 ouid=0 ogid=0 rdev=00:00 nametype=NORMAL cap_fp=0 cap_fi=0 cap_fe=0 cap_fver=0 cap_frootid=0
type=PATH msg=audit(1788997756.919:675): item=0 name="/usr/bin/getent" inode=1704474 dev=08:02 mode=0100755 ouid=0 ogid=0 rdev=00:00 nametype=NORMAL cap_fp=0 cap_fi=0 cap_fe=0 cap_fver=0 cap_frootid=0
type=CWD msg=audit(1788997756.919:675): cwd="/home/nexus"
type=EXECVE msg=audit(1788997756.919:675): argc=3 a0="getent" a1="hosts" a2="localhost"
type=SYSCALL msg=audit(1788997756.919:675): arch=c000003e syscall=59 success=yes exit=0 a0=5fb91a9b13d0 a1=5fb91a9aff40 a2=5fb91aa63f80 a3=0 items=2 ppid=4075 pid=5945 auid=1000 uid=1000 gid=1000 euid=1000 suid=1000 fsuid=1000 egid=1000 sgid=1000 fsgid=1000 tty=pts0 ses=4 comm="getent" exe="/usr/bin/getent" subj=unconfined key="benign_exec_04"
----
time->Thu Sep 10 02:49:16 2026
type=PROCTITLE msg=audit(1788997756.926:676): proctitle=70696E67002D630032003132372E302E302E31
type=PATH msg=audit(1788997756.926:676): item=1 name="/lib64/ld-linux-x86-64.so.2" inode=1705467 dev=08:02 mode=0100755 ouid=0 ogid=0 rdev=00:00 nametype=NORMAL cap_fp=0 cap_fi=0 cap_fe=0 cap_fver=0 cap_frootid=0
type=PATH msg=audit(1788997756.926:676): item=0 name="/usr/bin/ping" inode=1705053 dev=08:02 mode=0100755 ouid=0 ogid=0 rdev=00:00 nametype=NORMAL cap_fp=0000000000002000 cap_fi=0 cap_fe=1 cap_fver=2 cap_frootid=0
type=CWD msg=audit(1788997756.926:676): cwd="/home/nexus"
type=EXECVE msg=audit(1788997756.926:676): argc=4 a0="ping" a1="-c" a2="2" a3="127.0.0.1"
type=BPRM_FCAPS msg=audit(1788997756.926:676): fver=2 fp=0000000000002000 fi=0 fe=1 old_pp=0 old_pi=0000000800000000 old_pe=0 old_pa=0 pp=0000000000002000 pi=0000000800000000 pe=0000000000002000 pa=0 frootid=0
type=SYSCALL msg=audit(1788997756.926:676): arch=c000003e syscall=59 success=yes exit=0 a0=5fb91a9b01a0 a1=5fb91aa789e0 a2=5fb91aa63f80 a3=0 items=2 ppid=4075 pid=5946 auid=1000 uid=1000 gid=1000 euid=1000 suid=1000 fsuid=1000 egid=1000 sgid=1000 fsgid=1000 tty=pts0 ses=4 comm="ping" exe="/usr/bin/ping" subj=unconfined key="benign_exec_04"
----
time->Thu Sep 10 02:49:17 2026
type=PROCTITLE msg=audit(1788997757.952:677): proctitle=73797374656D63746C0069732D61637469766500617564697464
type=PATH msg=audit(1788997757.952:677): item=1 name="/lib64/ld-linux-x86-64.so.2" inode=1705467 dev=08:02 mode=0100755 ouid=0 ogid=0 rdev=00:00 nametype=NORMAL cap_fp=0 cap_fi=0 cap_fe=0 cap_fver=0 cap_frootid=0
type=PATH msg=audit(1788997757.952:677): item=0 name="/usr/bin/systemctl" inode=1705245 dev=08:02 mode=0100755 ouid=0 ogid=0 rdev=00:00 nametype=NORMAL cap_fp=0 cap_fi=0 cap_fe=0 cap_fver=0 cap_frootid=0
type=CWD msg=audit(1788997757.952:677): cwd="/home/nexus"
type=EXECVE msg=audit(1788997757.952:677): argc=3 a0="systemctl" a1="is-active" a2="auditd"
type=SYSCALL msg=audit(1788997757.952:677): arch=c000003e syscall=59 success=yes exit=0 a0=5fb91aa7a640 a1=5fb91aa5bb50 a2=5fb91aa63f80 a3=31 items=2 ppid=4075 pid=5947 auid=1000 uid=1000 gid=1000 euid=1000 suid=1000 fsuid=1000 egid=1000 sgid=1000 fsgid=1000 tty=pts0 ses=4 comm="systemctl" exe="/usr/bin/systemctl" subj=unconfined key="benign_exec_04"
----
time->Thu Sep 10 02:49:17 2026
type=PROCTITLE msg=audit(1788997757.970:678): proctitle=73797374656D63746C006C6973742D756E697473002D2D747970653D73657276696365002D2D73746174653D72756E6E696E67002D2D6E6F2D7061676572
type=PATH msg=audit(1788997757.970:678): item=1 name="/lib64/ld-linux-x86-64.so.2" inode=1705467 dev=08:02 mode=0100755 ouid=0 ogid=0 rdev=00:00 nametype=NORMAL cap_fp=0 cap_fi=0 cap_fe=0 cap_fver=0 cap_frootid=0
type=PATH msg=audit(1788997757.970:678): item=0 name="/usr/bin/systemctl" inode=1705245 dev=08:02 mode=0100755 ouid=0 ogid=0 rdev=00:00 nametype=NORMAL cap_fp=0 cap_fi=0 cap_fe=0 cap_fver=0 cap_frootid=0
type=CWD msg=audit(1788997757.970:678): cwd="/home/nexus"
type=EXECVE msg=audit(1788997757.970:678): argc=5 a0="systemctl" a1="list-units" a2="--type=service" a3="--state=running" a4="--no-pager"
type=SYSCALL msg=audit(1788997757.970:678): arch=c000003e syscall=59 success=yes exit=0 a0=5fb91aa76da0 a1=5fb91aa79d30 a2=5fb91aa63f80 a3=51 items=2 ppid=4075 pid=5948 auid=1000 uid=1000 gid=1000 euid=1000 suid=1000 fsuid=1000 egid=1000 sgid=1000 fsgid=1000 tty=pts0 ses=4 comm="systemctl" exe="/usr/bin/systemctl" subj=unconfined key="benign_exec_04"
----
time->Thu Sep 10 02:49:17 2026
type=PROCTITLE msg=audit(1788997757.983:679): proctitle=6A6F75726E616C63746C002D6E003130002D2D6E6F2D7061676572
type=PATH msg=audit(1788997757.983:679): item=1 name="/lib64/ld-linux-x86-64.so.2" inode=1705467 dev=08:02 mode=0100755 ouid=0 ogid=0 rdev=00:00 nametype=NORMAL cap_fp=0 cap_fi=0 cap_fe=0 cap_fver=0 cap_frootid=0
type=PATH msg=audit(1788997757.983:679): item=0 name="/usr/bin/journalctl" inode=1704832 dev=08:02 mode=0100755 ouid=0 ogid=0 rdev=00:00 nametype=NORMAL cap_fp=0 cap_fi=0 cap_fe=0 cap_fver=0 cap_frootid=0
type=CWD msg=audit(1788997757.983:679): cwd="/home/nexus"
type=EXECVE msg=audit(1788997757.983:679): argc=4 a0="journalctl" a1="-n" a2="10" a3="--no-pager"
type=SYSCALL msg=audit(1788997757.983:679): arch=c000003e syscall=59 success=yes exit=0 a0=5fb91aa77170 a1=5fb91a9b2980 a2=5fb91aa63f80 a3=31 items=2 ppid=4075 pid=5949 auid=1000 uid=1000 gid=1000 euid=1000 suid=1000 fsuid=1000 egid=1000 sgid=1000 fsgid=1000 tty=pts0 ses=4 comm="journalctl" exe="/usr/bin/journalctl" subj=unconfined key="benign_exec_04"
----
time->Thu Sep 10 02:49:17 2026
type=PROCTITLE msg=audit(1788997757.989:680): proctitle=6C73002D2D636F6C6F723D6175746F002F657463
type=PATH msg=audit(1788997757.989:680): item=1 name="/lib64/ld-linux-x86-64.so.2" inode=1705467 dev=08:02 mode=0100755 ouid=0 ogid=0 rdev=00:00 nametype=NORMAL cap_fp=0 cap_fi=0 cap_fe=0 cap_fver=0 cap_frootid=0
type=PATH msg=audit(1788997757.989:680): item=0 name="/usr/bin/ls" inode=1704431 dev=08:02 mode=0100755 ouid=0 ogid=0 rdev=00:00 nametype=NORMAL cap_fp=0 cap_fi=0 cap_fe=0 cap_fver=0 cap_frootid=0
type=CWD msg=audit(1788997757.989:680): cwd="/home/nexus"
type=EXECVE msg=audit(1788997757.989:680): argc=3 a0="ls" a1="--color=auto" a2="/etc"
type=SYSCALL msg=audit(1788997757.989:680): arch=c000003e syscall=59 success=yes exit=0 a0=5fb91aa78a50 a1=5fb91aa79350 a2=5fb91aa63f80 a3=21 items=2 ppid=4075 pid=5950 auid=1000 uid=1000 gid=1000 euid=1000 suid=1000 fsuid=1000 egid=1000 sgid=1000 fsgid=1000 tty=pts0 ses=4 comm="ls" exe="/usr/lib/cargo/bin/coreutils/ls" subj=unconfined key="benign_exec_04"
----
time->Thu Sep 10 02:49:18 2026
type=PROCTITLE msg=audit(1788997758.007:681): proctitle=6C73002D2D636F6C6F723D6175746F002F7661722F6C6F67
type=PATH msg=audit(1788997758.007:681): item=1 name="/lib64/ld-linux-x86-64.so.2" inode=1705467 dev=08:02 mode=0100755 ouid=0 ogid=0 rdev=00:00 nametype=NORMAL cap_fp=0 cap_fi=0 cap_fe=0 cap_fver=0 cap_frootid=0
type=PATH msg=audit(1788997758.007:681): item=0 name="/usr/bin/ls" inode=1704431 dev=08:02 mode=0100755 ouid=0 ogid=0 rdev=00:00 nametype=NORMAL cap_fp=0 cap_fi=0 cap_fe=0 cap_fver=0 cap_frootid=0
type=CWD msg=audit(1788997758.007:681): cwd="/home/nexus"
type=EXECVE msg=audit(1788997758.007:681): argc=3 a0="ls" a1="--color=auto" a2="/var/log"
type=SYSCALL msg=audit(1788997758.007:681): arch=c000003e syscall=59 success=yes exit=0 a0=5fb91aa7bb70 a1=5fb91aa7a640 a2=5fb91aa63f80 a3=31 items=2 ppid=4075 pid=5951 auid=1000 uid=1000 gid=1000 euid=1000 suid=1000 fsuid=1000 egid=1000 sgid=1000 fsgid=1000 tty=pts0 ses=4 comm="ls" exe="/usr/lib/cargo/bin/coreutils/ls" subj=unconfined key="benign_exec_04"
----
time->Thu Sep 10 02:49:18 2026
type=PROCTITLE msg=audit(1788997758.019:682): proctitle=6475002D7368002F7661722F6C6F67
type=PATH msg=audit(1788997758.019:682): item=1 name="/lib64/ld-linux-x86-64.so.2" inode=1705467 dev=08:02 mode=0100755 ouid=0 ogid=0 rdev=00:00 nametype=NORMAL cap_fp=0 cap_fi=0 cap_fe=0 cap_fver=0 cap_frootid=0
type=PATH msg=audit(1788997758.019:682): item=0 name="/usr/bin/du" inode=1704431 dev=08:02 mode=0100755 ouid=0 ogid=0 rdev=00:00 nametype=NORMAL cap_fp=0 cap_fi=0 cap_fe=0 cap_fver=0 cap_frootid=0
type=CWD msg=audit(1788997758.019:682): cwd="/home/nexus"
type=EXECVE msg=audit(1788997758.019:682): argc=3 a0="du" a1="-sh" a2="/var/log"
type=SYSCALL msg=audit(1788997758.019:682): arch=c000003e syscall=59 success=yes exit=0 a0=5fb91aa78440 a1=5fb91aa78a50 a2=5fb91aa63f80 a3=21 items=2 ppid=4075 pid=5952 auid=1000 uid=1000 gid=1000 euid=1000 suid=1000 fsuid=1000 egid=1000 sgid=1000 fsgid=1000 tty=pts0 ses=4 comm="du" exe="/usr/lib/cargo/bin/coreutils/du" subj=unconfined key="benign_exec_04"
----
time->Thu Sep 10 02:49:18 2026
type=PROCTITLE msg=audit(1788997758.037:683): proctitle=6170742D636163686500706F6C69637900617564697464
type=PATH msg=audit(1788997758.037:683): item=1 name="/lib64/ld-linux-x86-64.so.2" inode=1705467 dev=08:02 mode=0100755 ouid=0 ogid=0 rdev=00:00 nametype=NORMAL cap_fp=0 cap_fi=0 cap_fe=0 cap_fver=0 cap_frootid=0
type=PATH msg=audit(1788997758.037:683): item=0 name="/usr/bin/apt-cache" inode=1704350 dev=08:02 mode=0100755 ouid=0 ogid=0 rdev=00:00 nametype=NORMAL cap_fp=0 cap_fi=0 cap_fe=0 cap_fver=0 cap_frootid=0
type=CWD msg=audit(1788997758.037:683): cwd="/home/nexus"
type=EXECVE msg=audit(1788997758.037:683): argc=3 a0="apt-cache" a1="policy" a2="auditd"
type=SYSCALL msg=audit(1788997758.037:683): arch=c000003e syscall=59 success=yes exit=0 a0=5fb91aa7a570 a1=5fb91aa78460 a2=5fb91aa63f80 a3=21 items=2 ppid=4075 pid=5954 auid=1000 uid=1000 gid=1000 euid=1000 suid=1000 fsuid=1000 egid=1000 sgid=1000 fsgid=1000 tty=pts0 ses=4 comm="apt-cache" exe="/usr/bin/apt-cache" subj=unconfined key="benign_exec_04"
----
time->Thu Sep 10 02:49:18 2026
type=PROCTITLE msg=audit(1788997758.047:684): proctitle=2F7573722F62696E2F64706B67002D2D7072696E742D666F726569676E2D61726368697465637475726573
type=PATH msg=audit(1788997758.047:684): item=1 name="/lib64/ld-linux-x86-64.so.2" inode=1705467 dev=08:02 mode=0100755 ouid=0 ogid=0 rdev=00:00 nametype=NORMAL cap_fp=0 cap_fi=0 cap_fe=0 cap_fver=0 cap_frootid=0
type=PATH msg=audit(1788997758.047:684): item=0 name="/usr/bin/dpkg" inode=1704476 dev=08:02 mode=0100755 ouid=0 ogid=0 rdev=00:00 nametype=NORMAL cap_fp=0 cap_fi=0 cap_fe=0 cap_fver=0 cap_frootid=0
type=CWD msg=audit(1788997758.047:684): cwd="/home/nexus"
type=EXECVE msg=audit(1788997758.047:684): argc=2 a0="/usr/bin/dpkg" a1="--print-foreign-architectures"
type=SYSCALL msg=audit(1788997758.047:684): arch=c000003e syscall=59 success=yes exit=0 a0=5c1363eb57b0 a1=5c1363eb7fc0 a2=7fff9062cd48 a3=31 items=2 ppid=5954 pid=5955 auid=1000 uid=1000 gid=1000 euid=1000 suid=1000 fsuid=1000 egid=1000 sgid=1000 fsgid=1000 tty=pts0 ses=4 comm="dpkg" exe="/usr/bin/dpkg" subj=unconfined key="benign_exec_04"
----
time->Thu Sep 10 02:49:18 2026
type=PROCTITLE msg=audit(1788997758.050:685): proctitle=2F7573722F62696E2F64706B67002D2D7072696E742D666F726569676E2D61726368697465637475726573
type=PATH msg=audit(1788997758.050:685): item=1 name="/lib64/ld-linux-x86-64.so.2" inode=1705467 dev=08:02 mode=0100755 ouid=0 ogid=0 rdev=00:00 nametype=NORMAL cap_fp=0 cap_fi=0 cap_fe=0 cap_fver=0 cap_frootid=0
type=PATH msg=audit(1788997758.050:685): item=0 name="/usr/bin/dpkg" inode=1704476 dev=08:02 mode=0100755 ouid=0 ogid=0 rdev=00:00 nametype=NORMAL cap_fp=0 cap_fi=0 cap_fe=0 cap_fver=0 cap_frootid=0
type=CWD msg=audit(1788997758.050:685): cwd="/home/nexus"
type=EXECVE msg=audit(1788997758.050:685): argc=2 a0="/usr/bin/dpkg" a1="--print-foreign-architectures"
type=SYSCALL msg=audit(1788997758.050:685): arch=c000003e syscall=59 success=yes exit=0 a0=5c1363ec6e80 a1=5c1363ec54c0 a2=7fff9062cd48 a3=30 items=2 ppid=5954 pid=5956 auid=1000 uid=1000 gid=1000 euid=1000 suid=1000 fsuid=1000 egid=1000 sgid=1000 fsgid=1000 tty=pts0 ses=4 comm="dpkg" exe="/usr/bin/dpkg" subj=unconfined key="benign_exec_04"
----
time->Thu Sep 10 02:49:18 2026
type=PROCTITLE msg=audit(1788997758.075:686): proctitle=64706B67002D6C
type=PATH msg=audit(1788997758.075:686): item=1 name="/lib64/ld-linux-x86-64.so.2" inode=1705467 dev=08:02 mode=0100755 ouid=0 ogid=0 rdev=00:00 nametype=NORMAL cap_fp=0 cap_fi=0 cap_fe=0 cap_fver=0 cap_frootid=0
type=PATH msg=audit(1788997758.075:686): item=0 name="/usr/bin/dpkg" inode=1704476 dev=08:02 mode=0100755 ouid=0 ogid=0 rdev=00:00 nametype=NORMAL cap_fp=0 cap_fi=0 cap_fe=0 cap_fver=0 cap_frootid=0
type=CWD msg=audit(1788997758.075:686): cwd="/home/nexus"
type=EXECVE msg=audit(1788997758.075:686): argc=2 a0="dpkg" a1="-l"
type=SYSCALL msg=audit(1788997758.075:686): arch=c000003e syscall=59 success=yes exit=0 a0=5fb91aa5d900 a1=5fb91aa79710 a2=5fb91aa63f80 a3=21 items=2 ppid=4075 pid=5957 auid=1000 uid=1000 gid=1000 euid=1000 suid=1000 fsuid=1000 egid=1000 sgid=1000 fsgid=1000 tty=pts0 ses=4 comm="dpkg" exe="/usr/bin/dpkg" subj=unconfined key="benign_exec_04"
----
time->Thu Sep 10 02:49:18 2026
type=PROCTITLE msg=audit(1788997758.077:687): proctitle=64706B67002D6C
type=PATH msg=audit(1788997758.077:687): item=0 name="/usr/local/sbin/dpkg-query" nametype=UNKNOWN cap_fp=0 cap_fi=0 cap_fe=0 cap_fver=0 cap_frootid=0
type=CWD msg=audit(1788997758.077:687): cwd="/home/nexus"
type=SYSCALL msg=audit(1788997758.077:687): arch=c000003e syscall=59 success=no exit=-2 a0=7ffc4b6683a0 a1=5fa06b49fe70 a2=5fa06b49faf0 a3=20 items=1 ppid=4075 pid=5957 auid=1000 uid=1000 gid=1000 euid=1000 suid=1000 fsuid=1000 egid=1000 sgid=1000 fsgid=1000 tty=pts0 ses=4 comm="dpkg" exe="/usr/bin/dpkg" subj=unconfined key="benign_exec_04"
----
time->Thu Sep 10 02:49:18 2026
type=PROCTITLE msg=audit(1788997758.077:688): proctitle=64706B67002D6C
type=PATH msg=audit(1788997758.077:688): item=0 name="/usr/local/bin/dpkg-query" nametype=UNKNOWN cap_fp=0 cap_fi=0 cap_fe=0 cap_fver=0 cap_frootid=0
type=CWD msg=audit(1788997758.077:688): cwd="/home/nexus"
type=SYSCALL msg=audit(1788997758.077:688): arch=c000003e syscall=59 success=no exit=-2 a0=7ffc4b6683a0 a1=5fa06b49fe70 a2=5fa06b49faf0 a3=20 items=1 ppid=4075 pid=5957 auid=1000 uid=1000 gid=1000 euid=1000 suid=1000 fsuid=1000 egid=1000 sgid=1000 fsgid=1000 tty=pts0 ses=4 comm="dpkg" exe="/usr/bin/dpkg" subj=unconfined key="benign_exec_04"
----
time->Thu Sep 10 02:49:18 2026
type=PROCTITLE msg=audit(1788997758.077:689): proctitle=64706B67002D6C
type=PATH msg=audit(1788997758.077:689): item=0 name="/usr/sbin/dpkg-query" nametype=UNKNOWN cap_fp=0 cap_fi=0 cap_fe=0 cap_fver=0 cap_frootid=0
type=CWD msg=audit(1788997758.077:689): cwd="/home/nexus"
type=SYSCALL msg=audit(1788997758.077:689): arch=c000003e syscall=59 success=no exit=-2 a0=7ffc4b6683a0 a1=5fa06b49fe70 a2=5fa06b49faf0 a3=20 items=1 ppid=4075 pid=5957 auid=1000 uid=1000 gid=1000 euid=1000 suid=1000 fsuid=1000 egid=1000 sgid=1000 fsgid=1000 tty=pts0 ses=4 comm="dpkg" exe="/usr/bin/dpkg" subj=unconfined key="benign_exec_04"
----
time->Thu Sep 10 02:49:18 2026
type=PROCTITLE msg=audit(1788997758.077:690): proctitle=64706B67002D6C
type=PATH msg=audit(1788997758.077:690): item=1 name="/lib64/ld-linux-x86-64.so.2" inode=1705467 dev=08:02 mode=0100755 ouid=0 ogid=0 rdev=00:00 nametype=NORMAL cap_fp=0 cap_fi=0 cap_fe=0 cap_fver=0 cap_frootid=0
type=PATH msg=audit(1788997758.077:690): item=0 name="/usr/bin/dpkg-query" inode=1704480 dev=08:02 mode=0100755 ouid=0 ogid=0 rdev=00:00 nametype=NORMAL cap_fp=0 cap_fi=0 cap_fe=0 cap_fver=0 cap_frootid=0
type=CWD msg=audit(1788997758.077:690): cwd="/home/nexus"
type=EXECVE msg=audit(1788997758.077:690): argc=3 a0="dpkg-query" a1="--list" a2="--"
type=SYSCALL msg=audit(1788997758.077:690): arch=c000003e syscall=59 success=yes exit=0 a0=7ffc4b6683a0 a1=5fa06b49fe70 a2=5fa06b49faf0 a3=20 items=2 ppid=4075 pid=5957 auid=1000 uid=1000 gid=1000 euid=1000 suid=1000 fsuid=1000 egid=1000 sgid=1000 fsgid=1000 tty=pts0 ses=4 comm="dpkg-query" exe="/usr/bin/dpkg-query" subj=unconfined key="benign_exec_04"
----
time->Thu Sep 10 02:49:18 2026
type=PROCTITLE msg=audit(1788997758.100:691): proctitle=64706B672D7175657279002D2D6C697374002D2D
type=PATH msg=audit(1788997758.100:691): item=0 name="/usr/local/sbin/sh" nametype=UNKNOWN cap_fp=0 cap_fi=0 cap_fe=0 cap_fver=0 cap_frootid=0
type=CWD msg=audit(1788997758.100:691): cwd="/home/nexus"
type=SYSCALL msg=audit(1788997758.100:691): arch=c000003e syscall=59 success=no exit=-2 a0=7ffdea6aefb0 a1=7ffdea6af0d0 a2=5756a7118c20 a3=575683791564 items=1 ppid=5957 pid=5958 auid=1000 uid=1000 gid=1000 euid=1000 suid=1000 fsuid=1000 egid=1000 sgid=1000 fsgid=1000 tty=pts0 ses=4 comm="dpkg-query" exe="/usr/bin/dpkg-query" subj=unconfined key="benign_exec_04"
----
time->Thu Sep 10 02:49:18 2026
type=PROCTITLE msg=audit(1788997758.100:692): proctitle=64706B672D7175657279002D2D6C697374002D2D
type=PATH msg=audit(1788997758.100:692): item=0 name="/usr/local/bin/sh" nametype=UNKNOWN cap_fp=0 cap_fi=0 cap_fe=0 cap_fver=0 cap_frootid=0
type=CWD msg=audit(1788997758.100:692): cwd="/home/nexus"
type=SYSCALL msg=audit(1788997758.100:692): arch=c000003e syscall=59 success=no exit=-2 a0=7ffdea6aefb0 a1=7ffdea6af0d0 a2=5756a7118c20 a3=575683791564 items=1 ppid=5957 pid=5958 auid=1000 uid=1000 gid=1000 euid=1000 suid=1000 fsuid=1000 egid=1000 sgid=1000 fsgid=1000 tty=pts0 ses=4 comm="dpkg-query" exe="/usr/bin/dpkg-query" subj=unconfined key="benign_exec_04"
----
time->Thu Sep 10 02:49:18 2026
type=PROCTITLE msg=audit(1788997758.100:693): proctitle=64706B672D7175657279002D2D6C697374002D2D
type=PATH msg=audit(1788997758.100:693): item=0 name="/usr/sbin/sh" nametype=UNKNOWN cap_fp=0 cap_fi=0 cap_fe=0 cap_fver=0 cap_frootid=0
type=CWD msg=audit(1788997758.100:693): cwd="/home/nexus"
type=SYSCALL msg=audit(1788997758.100:693): arch=c000003e syscall=59 success=no exit=-2 a0=7ffdea6aefb0 a1=7ffdea6af0d0 a2=5756a7118c20 a3=575683791564 items=1 ppid=5957 pid=5958 auid=1000 uid=1000 gid=1000 euid=1000 suid=1000 fsuid=1000 egid=1000 sgid=1000 fsgid=1000 tty=pts0 ses=4 comm="dpkg-query" exe="/usr/bin/dpkg-query" subj=unconfined key="benign_exec_04"
----
time->Thu Sep 10 02:49:18 2026
type=PROCTITLE msg=audit(1788997758.100:694): proctitle=64706B672D7175657279002D2D6C697374002D2D
type=PATH msg=audit(1788997758.100:694): item=1 name="/lib64/ld-linux-x86-64.so.2" inode=1705467 dev=08:02 mode=0100755 ouid=0 ogid=0 rdev=00:00 nametype=NORMAL cap_fp=0 cap_fi=0 cap_fe=0 cap_fver=0 cap_frootid=0
type=PATH msg=audit(1788997758.100:694): item=0 name="/usr/bin/sh" inode=1704440 dev=08:02 mode=0100755 ouid=0 ogid=0 rdev=00:00 nametype=NORMAL cap_fp=0 cap_fi=0 cap_fe=0 cap_fver=0 cap_frootid=0
type=CWD msg=audit(1788997758.100:694): cwd="/home/nexus"
type=EXECVE msg=audit(1788997758.100:694): argc=4 a0="sh" a1="-c" a2="--" a3="pager"
type=SYSCALL msg=audit(1788997758.100:694): arch=c000003e syscall=59 success=yes exit=0 a0=7ffdea6aefb0 a1=7ffdea6af0d0 a2=5756a7118c20 a3=575683791564 items=2 ppid=5957 pid=5958 auid=1000 uid=1000 gid=1000 euid=1000 suid=1000 fsuid=1000 egid=1000 sgid=1000 fsgid=1000 tty=pts0 ses=4 comm="sh" exe="/usr/bin/dash" subj=unconfined key="benign_exec_04"
----
time->Thu Sep 10 02:49:18 2026
type=PROCTITLE msg=audit(1788997758.101:695): proctitle="pager"
type=PATH msg=audit(1788997758.101:695): item=1 name="/lib64/ld-linux-x86-64.so.2" inode=1705467 dev=08:02 mode=0100755 ouid=0 ogid=0 rdev=00:00 nametype=NORMAL cap_fp=0 cap_fi=0 cap_fe=0 cap_fver=0 cap_frootid=0
type=PATH msg=audit(1788997758.101:695): item=0 name="/usr/bin/pager" inode=1704862 dev=08:02 mode=0100755 ouid=0 ogid=0 rdev=00:00 nametype=NORMAL cap_fp=0 cap_fi=0 cap_fe=0 cap_fver=0 cap_frootid=0
type=CWD msg=audit(1788997758.101:695): cwd="/home/nexus"
type=EXECVE msg=audit(1788997758.101:695): argc=1 a0="pager"
type=SYSCALL msg=audit(1788997758.101:695): arch=c000003e syscall=59 success=yes exit=0 a0=58f97c69bed8 a1=58f95ec25538 a2=58f97c69bcf8 a3=300 items=2 ppid=5958 pid=5959 auid=1000 uid=1000 gid=1000 euid=1000 suid=1000 fsuid=1000 egid=1000 sgid=1000 fsgid=1000 tty=pts0 ses=4 comm="pager" exe="/usr/bin/less" subj=unconfined key="benign_exec_04"
----
time->Thu Sep 10 02:50:01 2026
type=PROCTITLE msg=audit(1788997801.607:698): proctitle=2F7573722F6C69622F73797374656D642F73797374656D642D6578656375746F72002D2D646573657269616C697A65003335002D2D6C6F672D6C6576656C00696E666F002D2D6C6F672D746172676574006A6F75726E616C2D6F722D6B6D7367
type=PATH msg=audit(1788997801.607:698): item=1 name="/lib64/ld-linux-x86-64.so.2" inode=1705467 dev=08:02 mode=0100755 ouid=0 ogid=0 rdev=00:00 nametype=NORMAL cap_fp=0 cap_fi=0 cap_fe=0 cap_fver=0 cap_frootid=0
type=PATH msg=audit(1788997801.607:698): item=0 name="/proc/self/fd/9" inode=1723455 dev=08:02 mode=0100755 ouid=0 ogid=0 rdev=00:00 nametype=NORMAL cap_fp=0 cap_fi=0 cap_fe=0 cap_fver=0 cap_frootid=0
type=CWD msg=audit(1788997801.607:698): cwd="/"
type=EXECVE msg=audit(1788997801.607:698): argc=7 a0="/usr/lib/systemd/systemd-executor" a1="--deserialize" a2="35" a3="--log-level" a4="info" a5="--log-target" a6="journal-or-kmsg"
type=SYSCALL msg=audit(1788997801.607:698): arch=c000003e syscall=59 success=yes exit=0 a0=7ffc517bd4e0 a1=7ffc517bd500 a2=7ffc517bde08 a3=8 items=2 ppid=1 pid=5964 auid=4294967295 uid=0 gid=0 euid=0 suid=0 fsuid=0 egid=0 sgid=0 fsgid=0 tty=(none) ses=4294967295 comm="9" exe="/usr/lib/systemd/systemd-executor" subj=unconfined key="benign_exec_04"
----
time->Thu Sep 10 02:50:01 2026
type=PROCTITLE msg=audit(1788997801.629:699): proctitle=2F7573722F6C69622F73797374656D642F73797374656D642D6578656375746F72002D2D646573657269616C697A65003335002D2D6C6F672D6C6576656C00696E666F002D2D6C6F672D746172676574006A6F75726E616C2D6F722D6B6D7367
type=PATH msg=audit(1788997801.629:699): item=1 name="/lib64/ld-linux-x86-64.so.2" inode=1705467 dev=08:02 mode=0100755 ouid=0 ogid=0 rdev=00:00 nametype=NORMAL cap_fp=0 cap_fi=0 cap_fe=0 cap_fver=0 cap_frootid=0
type=PATH msg=audit(1788997801.629:699): item=0 name="/usr/bin/sh" inode=1704440 dev=08:02 mode=0100755 ouid=0 ogid=0 rdev=00:00 nametype=NORMAL cap_fp=0 cap_fi=0 cap_fe=0 cap_fver=0 cap_frootid=0
type=CWD msg=audit(1788997801.629:699): cwd="/"
type=EXECVE msg=audit(1788997801.629:699): argc=3 a0="sh" a1="-c" a2=454E41424C45443D66616C73653B205B202D72202F6574632F64656661756C742F73797373746174205D202626202E202F6574632F64656661756C742F737973737461743B20746573742022247B454E41424C45447D22203D20227472756522
type=SYSCALL msg=audit(1788997801.629:699): arch=c000003e syscall=59 success=yes exit=0 a0=6211cecd3b40 a1=6211cecd3b10 a2=6211ceccb440 a3=0 items=2 ppid=1 pid=5964 auid=4294967295 uid=0 gid=0 euid=0 suid=0 fsuid=0 egid=0 sgid=0 fsgid=0 tty=(none) ses=4294967295 comm="sh" exe="/usr/bin/dash" subj=unconfined key="benign_exec_04"
----
time->Thu Sep 10 02:50:01 2026
type=PROCTITLE msg=audit(1788997801.636:700): proctitle=2F7573722F6C69622F73797374656D642F73797374656D642D6578656375746F72002D2D646573657269616C697A65003335002D2D6C6F672D6C6576656C00696E666F002D2D6C6F672D746172676574006A6F75726E616C2D6F722D6B6D7367
type=PATH msg=audit(1788997801.636:700): item=1 name="/lib64/ld-linux-x86-64.so.2" inode=1705467 dev=08:02 mode=0100755 ouid=0 ogid=0 rdev=00:00 nametype=NORMAL cap_fp=0 cap_fi=0 cap_fe=0 cap_fver=0 cap_frootid=0
type=PATH msg=audit(1788997801.636:700): item=0 name="/proc/self/fd/9" inode=1723455 dev=08:02 mode=0100755 ouid=0 ogid=0 rdev=00:00 nametype=NORMAL cap_fp=0 cap_fi=0 cap_fe=0 cap_fver=0 cap_frootid=0
type=CWD msg=audit(1788997801.636:700): cwd="/"
type=EXECVE msg=audit(1788997801.636:700): argc=7 a0="/usr/lib/systemd/systemd-executor" a1="--deserialize" a2="35" a3="--log-level" a4="info" a5="--log-target" a6="journal-or-kmsg"
type=SYSCALL msg=audit(1788997801.636:700): arch=c000003e syscall=59 success=yes exit=0 a0=7ffc517bd420 a1=7ffc517bd440 a2=7ffc517bde08 a3=8 items=2 ppid=1 pid=5966 auid=4294967295 uid=0 gid=0 euid=0 suid=0 fsuid=0 egid=0 sgid=0 fsgid=0 tty=(none) ses=4294967295 comm="9" exe="/usr/lib/systemd/systemd-executor" subj=unconfined key="benign_exec_04"
----
time->Thu Sep 10 02:50:01 2026
type=PROCTITLE msg=audit(1788997801.658:701): proctitle=2F7573722F6C69622F73797374656D642F73797374656D642D6578656375746F72002D2D646573657269616C697A65003335002D2D6C6F672D6C6576656C00696E666F002D2D6C6F672D746172676574006A6F75726E616C2D6F722D6B6D7367
type=PATH msg=audit(1788997801.658:701): item=2 name="/lib64/ld-linux-x86-64.so.2" inode=1705467 dev=08:02 mode=0100755 ouid=0 ogid=0 rdev=00:00 nametype=NORMAL cap_fp=0 cap_fi=0 cap_fe=0 cap_fver=0 cap_frootid=0
type=PATH msg=audit(1788997801.658:701): item=1 name="/bin/sh" inode=1704440 dev=08:02 mode=0100755 ouid=0 ogid=0 rdev=00:00 nametype=NORMAL cap_fp=0 cap_fi=0 cap_fe=0 cap_fver=0 cap_frootid=0
type=PATH msg=audit(1788997801.658:701): item=0 name="/usr/libexec/sysstat/sa1" inode=1849378 dev=08:02 mode=0100755 ouid=0 ogid=0 rdev=00:00 nametype=NORMAL cap_fp=0 cap_fi=0 cap_fe=0 cap_fver=0 cap_frootid=0
type=CWD msg=audit(1788997801.658:701): cwd="/"
type=EXECVE msg=audit(1788997801.658:701): argc=4 a0="/bin/sh" a1="/usr/libexec/sysstat/sa1" a2="1" a3="1"
type=SYSCALL msg=audit(1788997801.658:701): arch=c000003e syscall=59 success=yes exit=0 a0=5c4e8e5b8a10 a1=5c4e8e5b8a40 a2=5c4e8e5b0440 a3=0 items=3 ppid=1 pid=5966 auid=4294967295 uid=0 gid=0 euid=0 suid=0 fsuid=0 egid=0 sgid=0 fsgid=0 tty=(none) ses=4294967295 comm="sa1" exe="/usr/bin/dash" subj=unconfined key="benign_exec_04"
----
time->Thu Sep 10 02:50:01 2026
type=PROCTITLE msg=audit(1788997801.661:702): proctitle=2F7573722F6C69622F73797374656D642F73797374656D642D6578656375746F72002D2D646573657269616C697A65003335002D2D6C6F672D6C6576656C00696E666F002D2D6C6F672D746172676574006A6F75726E616C2D6F722D6B6D7367
type=PATH msg=audit(1788997801.661:702): item=1 name="/lib64/ld-linux-x86-64.so.2" inode=1705467 dev=08:02 mode=0100755 ouid=0 ogid=0 rdev=00:00 nametype=NORMAL cap_fp=0 cap_fi=0 cap_fe=0 cap_fver=0 cap_frootid=0
type=PATH msg=audit(1788997801.661:702): item=0 name="/usr/libexec/sysstat/sadc" inode=1849380 dev=08:02 mode=0100755 ouid=0 ogid=0 rdev=00:00 nametype=NORMAL cap_fp=0 cap_fi=0 cap_fe=0 cap_fver=0 cap_frootid=0
type=CWD msg=audit(1788997801.661:702): cwd="/usr/libexec/sysstat"
type=EXECVE msg=audit(1788997801.661:702): argc=8 a0="/usr/libexec/sysstat/sadc" a1="-F" a2="-L" a3="-S" a4="DISK" a5="1" a6="1" a7="/var/log/sysstat"
type=SYSCALL msg=audit(1788997801.661:702): arch=c000003e syscall=59 success=yes exit=0 a0=5639fbafb1d8 a1=5639fbafb2c0 a2=5639fbafb308 a3=5639fbafb288 items=2 ppid=1 pid=5966 auid=4294967295 uid=0 gid=0 euid=0 suid=0 fsuid=0 egid=0 sgid=0 fsgid=0 tty=(none) ses=4294967295 comm="sadc" exe="/usr/libexec/sysstat/sadc" subj=unconfined key="benign_exec_04"
----
time->Thu Sep 10 02:50:11 2026
type=PROCTITLE msg=audit(1788997811.039:705): proctitle=2F62696E2F7368002F7573722F62696E2F7768696368007375646F
type=PATH msg=audit(1788997811.039:705): item=2 name="/lib64/ld-linux-x86-64.so.2" inode=1705467 dev=08:02 mode=0100755 ouid=0 ogid=0 rdev=00:00 nametype=NORMAL cap_fp=0 cap_fi=0 cap_fe=0 cap_fver=0 cap_frootid=0
type=PATH msg=audit(1788997811.039:705): item=1 name="/bin/sh" inode=1704440 dev=08:02 mode=0100755 ouid=0 ogid=0 rdev=00:00 nametype=NORMAL cap_fp=0 cap_fi=0 cap_fe=0 cap_fver=0 cap_frootid=0
type=PATH msg=audit(1788997811.039:705): item=0 name="/usr/bin/which" inode=1705356 dev=08:02 mode=0100755 ouid=0 ogid=0 rdev=00:00 nametype=NORMAL cap_fp=0 cap_fi=0 cap_fe=0 cap_fver=0 cap_frootid=0
type=CWD msg=audit(1788997811.039:705): cwd="/home/nexus"
type=EXECVE msg=audit(1788997811.039:705): argc=3 a0="/bin/sh" a1="/usr/bin/which" a2="sudo"
type=SYSCALL msg=audit(1788997811.039:705): arch=c000003e syscall=59 success=yes exit=0 a0=5fb91a990980 a1=5fb91aa77b00 a2=5fb91aa63f80 a3=21 items=3 ppid=4075 pid=5968 auid=1000 uid=1000 gid=1000 euid=1000 suid=1000 fsuid=1000 egid=1000 sgid=1000 fsgid=1000 tty=pts0 ses=4 comm="which" exe="/usr/bin/dash" subj=unconfined key="benign_exec_04"
----
time->Thu Sep 10 02:50:11 2026
type=PROCTITLE msg=audit(1788997811.052:706): proctitle=2F62696E2F7368002F7573722F62696E2F77686963680062617368
type=PATH msg=audit(1788997811.052:706): item=2 name="/lib64/ld-linux-x86-64.so.2" inode=1705467 dev=08:02 mode=0100755 ouid=0 ogid=0 rdev=00:00 nametype=NORMAL cap_fp=0 cap_fi=0 cap_fe=0 cap_fver=0 cap_frootid=0
type=PATH msg=audit(1788997811.052:706): item=1 name="/bin/sh" inode=1704440 dev=08:02 mode=0100755 ouid=0 ogid=0 rdev=00:00 nametype=NORMAL cap_fp=0 cap_fi=0 cap_fe=0 cap_fver=0 cap_frootid=0
type=PATH msg=audit(1788997811.052:706): item=0 name="/usr/bin/which" inode=1705356 dev=08:02 mode=0100755 ouid=0 ogid=0 rdev=00:00 nametype=NORMAL cap_fp=0 cap_fi=0 cap_fe=0 cap_fver=0 cap_frootid=0
type=CWD msg=audit(1788997811.052:706): cwd="/home/nexus"
type=EXECVE msg=audit(1788997811.052:706): argc=3 a0="/bin/sh" a1="/usr/bin/which" a2="bash"
type=SYSCALL msg=audit(1788997811.052:706): arch=c000003e syscall=59 success=yes exit=0 a0=5fb91a9942b0 a1=5fb91a9909a0 a2=5fb91aa63f80 a3=21 items=3 ppid=4075 pid=5969 auid=1000 uid=1000 gid=1000 euid=1000 suid=1000 fsuid=1000 egid=1000 sgid=1000 fsgid=1000 tty=pts0 ses=4 comm="which" exe="/usr/bin/dash" subj=unconfined key="benign_exec_04"
----
time->Thu Sep 10 02:50:11 2026
type=PROCTITLE msg=audit(1788997811.054:707): proctitle=62617368002D2D76657273696F6E
type=PATH msg=audit(1788997811.054:707): item=1 name="/lib64/ld-linux-x86-64.so.2" inode=1705467 dev=08:02 mode=0100755 ouid=0 ogid=0 rdev=00:00 nametype=NORMAL cap_fp=0 cap_fi=0 cap_fe=0 cap_fver=0 cap_frootid=0
type=PATH msg=audit(1788997811.054:707): item=0 name="/usr/bin/bash" inode=1704366 dev=08:02 mode=0100755 ouid=0 ogid=0 rdev=00:00 nametype=NORMAL cap_fp=0 cap_fi=0 cap_fe=0 cap_fver=0 cap_frootid=0
type=CWD msg=audit(1788997811.054:707): cwd="/home/nexus"
type=EXECVE msg=audit(1788997811.054:707): argc=2 a0="bash" a1="--version"
type=SYSCALL msg=audit(1788997811.054:707): arch=c000003e syscall=59 success=yes exit=0 a0=5fb91a983db0 a1=5fb91a9942d0 a2=5fb91aa63f80 a3=21 items=2 ppid=4075 pid=5970 auid=1000 uid=1000 gid=1000 euid=1000 suid=1000 fsuid=1000 egid=1000 sgid=1000 fsgid=1000 tty=pts0 ses=4 comm="bash" exe="/usr/bin/bash" subj=unconfined key="benign_exec_04"
----
time->Thu Sep 10 02:50:11 2026
type=PROCTITLE msg=audit(1788997811.057:708): proctitle=7375646F002D2D76657273696F6E
type=PATH msg=audit(1788997811.057:708): item=1 name="/lib64/ld-linux-x86-64.so.2" inode=1705467 dev=08:02 mode=0100755 ouid=0 ogid=0 rdev=00:00 nametype=NORMAL cap_fp=0 cap_fi=0 cap_fe=0 cap_fver=0 cap_frootid=0
type=PATH msg=audit(1788997811.057:708): item=0 name="/usr/bin/sudo" inode=1705004 dev=08:02 mode=0104755 ouid=0 ogid=0 rdev=00:00 nametype=NORMAL cap_fp=0 cap_fi=0 cap_fe=0 cap_fver=0 cap_frootid=0
type=CWD msg=audit(1788997811.057:708): cwd="/home/nexus"
type=EXECVE msg=audit(1788997811.057:708): argc=2 a0="sudo" a1="--version"
type=SYSCALL msg=audit(1788997811.057:708): arch=c000003e syscall=59 success=yes exit=0 a0=5fb91aa79bf0 a1=5fb91a9affd0 a2=5fb91aa63f80 a3=21 items=2 ppid=4075 pid=5971 auid=1000 uid=1000 gid=1000 euid=0 suid=0 fsuid=0 egid=1000 sgid=1000 fsgid=1000 tty=pts0 ses=4 comm="sudo" exe="/usr/lib/cargo/bin/sudo" subj=unconfined key="benign_exec_04"
----
time->Thu Sep 10 02:50:11 2026
type=PROCTITLE msg=audit(1788997811.060:709): proctitle=2F7573722F62696E2F707974686F6E33002F7573722F6C69622F636F6D6D616E642D6E6F742D666F756E64002D2D006375726C
type=PATH msg=audit(1788997811.060:709): item=2 name="/lib64/ld-linux-x86-64.so.2" inode=1705467 dev=08:02 mode=0100755 ouid=0 ogid=0 rdev=00:00 nametype=NORMAL cap_fp=0 cap_fi=0 cap_fe=0 cap_fver=0 cap_frootid=0
type=PATH msg=audit(1788997811.060:709): item=1 name="/usr/bin/python3" inode=1704706 dev=08:02 mode=0100755 ouid=0 ogid=0 rdev=00:00 nametype=NORMAL cap_fp=0 cap_fi=0 cap_fe=0 cap_fver=0 cap_frootid=0
type=PATH msg=audit(1788997811.060:709): item=0 name="/usr/lib/command-not-found" inode=1707343 dev=08:02 mode=0100755 ouid=0 ogid=0 rdev=00:00 nametype=NORMAL cap_fp=0 cap_fi=0 cap_fe=0 cap_fver=0 cap_frootid=0
type=CWD msg=audit(1788997811.060:709): cwd="/home/nexus"
type=EXECVE msg=audit(1788997811.060:709): argc=4 a0="/usr/bin/python3" a1="/usr/lib/command-not-found" a2="--" a3="curl"
type=SYSCALL msg=audit(1788997811.060:709): arch=c000003e syscall=59 success=yes exit=0 a0=5fb91aa79490 a1=5fb91aa78500 a2=5fb91aa63f80 a3=30 items=3 ppid=5972 pid=5973 auid=1000 uid=1000 gid=1000 euid=1000 suid=1000 fsuid=1000 egid=1000 sgid=1000 fsgid=1000 tty=pts0 ses=4 comm="command-not-fou" exe="/usr/bin/python3.14" subj=unconfined key="benign_exec_04"
----
time->Thu Sep 10 02:50:11 2026
type=PROCTITLE msg=audit(1788997811.173:710): proctitle=2F7573722F62696E2F736E6170006164766973652D736E6170002D2D666F726D61743D6A736F6E002D2D636F6D6D616E64006375726C
type=PATH msg=audit(1788997811.173:710): item=1 name="/lib64/ld-linux-x86-64.so.2" inode=1705467 dev=08:02 mode=0100755 ouid=0 ogid=0 rdev=00:00 nametype=NORMAL cap_fp=0 cap_fi=0 cap_fe=0 cap_fver=0 cap_frootid=0
type=PATH msg=audit(1788997811.173:710): item=0 name="/usr/bin/snap" inode=1705207 dev=08:02 mode=0100755 ouid=0 ogid=0 rdev=00:00 nametype=NORMAL cap_fp=0 cap_fi=0 cap_fe=0 cap_fver=0 cap_frootid=0
type=CWD msg=audit(1788997811.173:710): cwd="/home/nexus"
type=EXECVE msg=audit(1788997811.173:710): argc=5 a0="/usr/bin/snap" a1="advise-snap" a2="--format=json" a3="--command" a4="curl"
type=SYSCALL msg=audit(1788997811.173:710): arch=c000003e syscall=59 success=yes exit=0 a0=7df6877c9ca0 a1=7df6877c9c50 a2=7ffd3a4019f0 a3=8 items=2 ppid=5973 pid=5975 auid=1000 uid=1000 gid=1000 euid=1000 suid=1000 fsuid=1000 egid=1000 sgid=1000 fsgid=1000 tty=pts0 ses=4 comm="snap" exe="/usr/bin/snap" subj=unconfined key="benign_exec_04"
----
time->Thu Sep 10 02:50:11 2026
type=PROCTITLE msg=audit(1788997811.280:711): proctitle="/usr/libexec/vte-urlencode-cwd"
type=PATH msg=audit(1788997811.280:711): item=1 name="/lib64/ld-linux-x86-64.so.2" inode=1705467 dev=08:02 mode=0100755 ouid=0 ogid=0 rdev=00:00 nametype=NORMAL cap_fp=0 cap_fi=0 cap_fe=0 cap_fver=0 cap_frootid=0
type=PATH msg=audit(1788997811.280:711): item=0 name="/usr/libexec/vte-urlencode-cwd" inode=1725565 dev=08:02 mode=0100755 ouid=0 ogid=0 rdev=00:00 nametype=NORMAL cap_fp=0 cap_fi=0 cap_fe=0 cap_fver=0 cap_frootid=0
type=CWD msg=audit(1788997811.280:711): cwd="/home/nexus"
type=EXECVE msg=audit(1788997811.280:711): argc=1 a0="/usr/libexec/vte-urlencode-cwd"
type=SYSCALL msg=audit(1788997811.280:711): arch=c000003e syscall=59 success=yes exit=0 a0=5fb91aa7cbd0 a1=5fb91a988530 a2=5fb91aa63f80 a3=8 items=2 ppid=4075 pid=5982 auid=1000 uid=1000 gid=1000 euid=1000 suid=1000 fsuid=1000 egid=1000 sgid=1000 fsgid=1000 tty=pts0 ses=4 comm="vte-urlencode-c" exe="/usr/libexec/vte-urlencode-cwd" subj=unconfined key="benign_exec_04"
----
time->Thu Sep 10 02:51:34 2026
type=PROCTITLE msg=audit(1788997894.797:712): proctitle=7375646F006175736561726368002D6B0062656E69676E5F657865635F3034
type=PATH msg=audit(1788997894.797:712): item=1 name="/lib64/ld-linux-x86-64.so.2" inode=1705467 dev=08:02 mode=0100755 ouid=0 ogid=0 rdev=00:00 nametype=NORMAL cap_fp=0 cap_fi=0 cap_fe=0 cap_fver=0 cap_frootid=0
type=PATH msg=audit(1788997894.797:712): item=0 name="/usr/bin/sudo" inode=1705004 dev=08:02 mode=0104755 ouid=0 ogid=0 rdev=00:00 nametype=NORMAL cap_fp=0 cap_fi=0 cap_fe=0 cap_fver=0 cap_frootid=0
type=CWD msg=audit(1788997894.797:712): cwd="/home/nexus"
type=EXECVE msg=audit(1788997894.797:712): argc=4 a0="sudo" a1="ausearch" a2="-k" a3="benign_exec_04"
type=SYSCALL msg=audit(1788997894.797:712): arch=c000003e syscall=59 success=yes exit=0 a0=5fb91aa79240 a1=5fb91aa7a310 a2=5fb91aa63f80 a3=30 items=2 ppid=4075 pid=5985 auid=1000 uid=1000 gid=1000 euid=0 suid=0 fsuid=0 egid=1000 sgid=1000 fsgid=1000 tty=pts0 ses=4 comm="sudo" exe="/usr/lib/cargo/bin/sudo" subj=unconfined key="benign_exec_04"
----
time->Thu Sep 10 02:51:34 2026
type=PROCTITLE msg=audit(1788997894.814:713): proctitle=2F7573722F7362696E2F756E69785F63686B707764006E657875730063686B657870697279
type=PATH msg=audit(1788997894.814:713): item=1 name="/lib64/ld-linux-x86-64.so.2" inode=1705467 dev=08:02 mode=0100755 ouid=0 ogid=0 rdev=00:00 nametype=NORMAL cap_fp=0 cap_fi=0 cap_fe=0 cap_fver=0 cap_frootid=0
type=PATH msg=audit(1788997894.814:713): item=0 name="/usr/sbin/unix_chkpwd" inode=1704618 dev=08:02 mode=0102755 ouid=0 ogid=42 rdev=00:00 nametype=NORMAL cap_fp=0 cap_fi=0 cap_fe=0 cap_fver=0 cap_frootid=0
type=CWD msg=audit(1788997894.814:713): cwd="/home/nexus"
type=EXECVE msg=audit(1788997894.814:713): argc=3 a0="/usr/sbin/unix_chkpwd" a1="nexus" a2="chkexpiry"
type=SYSCALL msg=audit(1788997894.814:713): arch=c000003e syscall=59 success=yes exit=0 a0=7a6cd7bfc04a a1=7ffef3db5a50 a2=7a6cd7bff028 a3=0 items=2 ppid=5985 pid=5987 auid=1000 uid=0 gid=1000 euid=0 suid=0 fsuid=0 egid=42 sgid=42 fsgid=42 tty=pts0 ses=4 comm="unix_chkpwd" exe="/usr/sbin/unix_chkpwd" subj=unix-chkpwd key="benign_exec_04"
----
time->Thu Sep 10 02:51:34 2026
type=PROCTITLE msg=audit(1788997894.822:717): proctitle=6175736561726368002D6B0062656E69676E5F657865635F3034
type=PATH msg=audit(1788997894.822:717): item=1 name="/lib64/ld-linux-x86-64.so.2" inode=1705467 dev=08:02 mode=0100755 ouid=0 ogid=0 rdev=00:00 nametype=NORMAL cap_fp=0 cap_fi=0 cap_fe=0 cap_fver=0 cap_frootid=0
type=PATH msg=audit(1788997894.822:717): item=0 name="/usr/sbin/ausearch" inode=1706521 dev=08:02 mode=0100755 ouid=0 ogid=0 rdev=00:00 nametype=NORMAL cap_fp=0 cap_fi=0 cap_fe=0 cap_fver=0 cap_frootid=0
type=CWD msg=audit(1788997894.822:717): cwd="/home/nexus"
type=EXECVE msg=audit(1788997894.822:717): argc=3 a0="ausearch" a1="-k" a2="benign_exec_04"
type=SYSCALL msg=audit(1788997894.822:717): arch=c000003e syscall=59 success=yes exit=0 a0=586b1478f1c0 a1=586b14797150 a2=586b14797ad0 a3=8 items=2 ppid=5989 pid=5990 auid=1000 uid=0 gid=0 euid=0 suid=0 fsuid=0 egid=0 sgid=0 fsgid=0 tty=pts1 ses=4 comm="ausearch" exe="/usr/sbin/ausearch" subj=unconfined key="benign_exec_04"
